------------------------------------------------------------
TimeQuest Timing Analyzer Summary
------------------------------------------------------------

Type  : Slow Model Setup 'main:main|processador:proc|upcount:Tstep|Q[0]'
Slack : -3.667
TNS   : -54.022

Type  : Slow Model Setup 'KEY[0]'
Slack : -1.914
TNS   : -41.282

Type  : Slow Model Hold 'KEY[0]'
Slack : -3.657
TNS   : -81.762

Type  : Slow Model Hold 'main:main|processador:proc|upcount:Tstep|Q[0]'
Slack : -2.040
TNS   : -28.804

Type  : Slow Model Minimum Pulse Width 'KEY[0]'
Slack : -2.000
TNS   : -183.222

Type  : Slow Model Minimum Pulse Width 'main:main|processador:proc|upcount:Tstep|Q[0]'
Slack : 0.500
TNS   : 0.000

Type  : Fast Model Setup 'main:main|processador:proc|upcount:Tstep|Q[0]'
Slack : -1.656
TNS   : -24.178

Type  : Fast Model Setup 'KEY[0]'
Slack : -1.460
TNS   : -24.319

Type  : Fast Model Hold 'KEY[0]'
Slack : -1.895
TNS   : -42.883

Type  : Fast Model Hold 'main:main|processador:proc|upcount:Tstep|Q[0]'
Slack : -1.195
TNS   : -17.550

Type  : Fast Model Minimum Pulse Width 'KEY[0]'
Slack : -2.000
TNS   : -183.222

Type  : Fast Model Minimum Pulse Width 'main:main|processador:proc|upcount:Tstep|Q[0]'
Slack : 0.500
TNS   : 0.000

------------------------------------------------------------
